---
source: crates/rimloc-cli/tests/snapshots.rs
expression: cleaned
---
RimWorld localization toolkit (Rust)

Usage: rimloc-cli [OPTIONS] <COMMAND>

Commands:
  scan           Scan a mod folder and extract Keyed XML entries
  merge-keyed    Merge English Keyed files into target language with EN: comments and UNUSED section
  validate       Validate strings for issues/warnings
  validate-po    Validate .po file placeholder consistency (msgid vs msgstr)
  diff-xml       Diff source vs translation presence and detect changed source strings using a baseline PO
  coverage       Report translation coverage between source and target language folders
  learn-defs     Learn DefInjected fields and generate missing/suggested outputs
  learn-keyed    Learn Keyed keys from English and suggest missing ones for target language
  learn-patches  Learn text candidates added by PatchOperations (Patches/) and produce a JSON report
  annotate       Add or remove comments with original source text in translation XML files
  schema         Dump JSON Schemas for domain types
  xml-health     Scan XML files for structural/read errors under Languages/
  lang-update    Update official localization from a GitHub repo into the base game's Languages folder
  morph          Generate Case/Plural/Gender files using a morph provider (dummy/morpher/pymorphy2)
  init           Create translation skeleton under Languages/<target> with empty values
  export-po      Export extracted strings into a single .po file
  export-xliff   Export extracted strings into a single XLIFF 1.2 file (for CAT tools)
  import-xliff   Import XLIFF 1.2 and write a single LanguageData XML (Keyed)
  import-po      Import .po  -  either into a single XML, or spread across existing mod structure
  word-info      Diagnose WordInfo coverage of translated labels (help via FTL)
  version-diff   Compare translatable source inventory across two mod versions (help via FTL)
  compare        Compare translations against the source and each other (help via FTL)
  translate      Translate a mod via an LLM provider into canonical project state (JSON report; --emit-po keeps the legacy .po artifact)
  build-mod      Build a standalone translation mod from a .po file
  doctor         Environment diagnostics: RW install, version, mod dirs, provider config (presence only) and output writability. Always exits 0
  help           Print this message or the help of the given subcommand(s)

Options:
      --no-color           Disable colored output
      --ui-lang <UI_LANG>  UI language code (e.g. en, ru, ja; defaults to system locale)
      --quiet              Suppress startup banner and non-essential stdout messages (alias: --no-banner) [alias: --no-banner]
  -h, --help               Print help
  -V, --version            Print version
